<?xml version="1.0" encoding="ISO-8859-1" ?>
<link_info>
   <banner>TI ARM Linker PC v18.12.4.LTS</banner>
   <copyright>Copyright (c) 1996-2018 Texas Instruments Incorporated</copyright>
   <link_time>0x5f772a16</link_time>
   <link_errors>0x0</link_errors>
   <output_file>SPI_MCP23S08.out</output_file>
   <entry_point>
      <name>_c_int00</name>
      <address>0xe8cc</address>
   </entry_point>
   <input_file_list>
      <input_file id="fl-2">
         <path>.\source\</path>
         <kind>object</kind>
         <file>dabort.obj</file>
         <name>dabort.obj</name>
      </input_file>
      <input_file id="fl-3">
         <path>.\source\</path>
         <kind>object</kind>
         <file>errata_SSWF021_45.obj</file>
         <name>errata_SSWF021_45.obj</name>
      </input_file>
      <input_file id="fl-4">
         <path>.\source\</path>
         <kind>object</kind>
         <file>esm.obj</file>
         <name>esm.obj</name>
      </input_file>
      <input_file id="fl-5">
         <path>.\source\</path>
         <kind>object</kind>
         <file>gio.obj</file>
         <name>gio.obj</name>
      </input_file>
      <input_file id="fl-6">
         <path>.\source\</path>
         <kind>object</kind>
         <file>het.obj</file>
         <name>het.obj</name>
      </input_file>
      <input_file id="fl-7">
         <path>.\source\</path>
         <kind>object</kind>
         <file>notification.obj</file>
         <name>notification.obj</name>
      </input_file>
      <input_file id="fl-8">
         <path>.\source\</path>
         <kind>object</kind>
         <file>os_croutine.obj</file>
         <name>os_croutine.obj</name>
      </input_file>
      <input_file id="fl-9">
         <path>.\source\</path>
         <kind>object</kind>
         <file>os_event_groups.obj</file>
         <name>os_event_groups.obj</name>
      </input_file>
      <input_file id="fl-a">
         <path>.\source\</path>
         <kind>object</kind>
         <file>os_heap.obj</file>
         <name>os_heap.obj</name>
      </input_file>
      <input_file id="fl-b">
         <path>.\source\</path>
         <kind>object</kind>
         <file>os_list.obj</file>
         <name>os_list.obj</name>
      </input_file>
      <input_file id="fl-c">
         <path>.\source\</path>
         <kind>object</kind>
         <file>os_mpu_wrappers.obj</file>
         <name>os_mpu_wrappers.obj</name>
      </input_file>
      <input_file id="fl-d">
         <path>.\source\</path>
         <kind>object</kind>
         <file>os_port.obj</file>
         <name>os_port.obj</name>
      </input_file>
      <input_file id="fl-e">
         <path>.\source\</path>
         <kind>object</kind>
         <file>os_portasm.obj</file>
         <name>os_portasm.obj</name>
      </input_file>
      <input_file id="fl-f">
         <path>.\source\</path>
         <kind>object</kind>
         <file>os_queue.obj</file>
         <name>os_queue.obj</name>
      </input_file>
      <input_file id="fl-10">
         <path>.\source\</path>
         <kind>object</kind>
         <file>os_tasks.obj</file>
         <name>os_tasks.obj</name>
      </input_file>
      <input_file id="fl-11">
         <path>.\source\</path>
         <kind>object</kind>
         <file>os_timer.obj</file>
         <name>os_timer.obj</name>
      </input_file>
      <input_file id="fl-12">
         <path>.\source\</path>
         <kind>object</kind>
         <file>pinmux.obj</file>
         <name>pinmux.obj</name>
      </input_file>
      <input_file id="fl-13">
         <path>.\source\</path>
         <kind>object</kind>
         <file>spi.obj</file>
         <name>spi.obj</name>
      </input_file>
      <input_file id="fl-14">
         <path>.\source\</path>
         <kind>object</kind>
         <file>sys_core.obj</file>
         <name>sys_core.obj</name>
      </input_file>
      <input_file id="fl-15">
         <path>.\source\</path>
         <kind>object</kind>
         <file>sys_intvecs.obj</file>
         <name>sys_intvecs.obj</name>
      </input_file>
      <input_file id="fl-16">
         <path>.\source\</path>
         <kind>object</kind>
         <file>sys_main.obj</file>
         <name>sys_main.obj</name>
      </input_file>
      <input_file id="fl-17">
         <path>.\source\</path>
         <kind>object</kind>
         <file>sys_mpu.obj</file>
         <name>sys_mpu.obj</name>
      </input_file>
      <input_file id="fl-18">
         <path>.\source\</path>
         <kind>object</kind>
         <file>sys_pcr.obj</file>
         <name>sys_pcr.obj</name>
      </input_file>
      <input_file id="fl-19">
         <path>.\source\</path>
         <kind>object</kind>
         <file>sys_phantom.obj</file>
         <name>sys_phantom.obj</name>
      </input_file>
      <input_file id="fl-1a">
         <path>.\source\</path>
         <kind>object</kind>
         <file>sys_pmu.obj</file>
         <name>sys_pmu.obj</name>
      </input_file>
      <input_file id="fl-1b">
         <path>.\source\</path>
         <kind>object</kind>
         <file>sys_selftest.obj</file>
         <name>sys_selftest.obj</name>
      </input_file>
      <input_file id="fl-1c">
         <path>.\source\</path>
         <kind>object</kind>
         <file>sys_startup.obj</file>
         <name>sys_startup.obj</name>
      </input_file>
      <input_file id="fl-1d">
         <path>.\source\</path>
         <kind>object</kind>
         <file>sys_vim.obj</file>
         <name>sys_vim.obj</name>
      </input_file>
      <input_file id="fl-1e">
         <path>.\source\</path>
         <kind>object</kind>
         <file>system.obj</file>
         <name>system.obj</name>
      </input_file>
      <input_file id="fl-22">
         <kind>object</kind>
         <file>&lt;internal&gt;</file>
         <name>&lt;internal&gt;</name>
      </input_file>
      <input_file id="fl-d8">
         <path>C:\ti\ccs930\ccs\tools\compiler\ti-cgt-arm_18.12.4.LTS\lib\</path>
         <kind>archive</kind>
         <file>rtsv7R4_A_be_eabi.lib</file>
         <name>memset32.asm.obj</name>
      </input_file>
      <input_file id="fl-d9">
         <path>C:\ti\ccs930\ccs\tools\compiler\ti-cgt-arm_18.12.4.LTS\lib\</path>
         <kind>archive</kind>
         <file>rtsv7R4_A_be_eabi.lib</file>
         <name>u_div32.asm.obj</name>
      </input_file>
      <input_file id="fl-da">
         <path>C:\ti\ccs930\ccs\tools\compiler\ti-cgt-arm_18.12.4.LTS\lib\</path>
         <kind>archive</kind>
         <file>rtsv7R4_A_be_eabi.lib</file>
         <name>fd_div32.asm.obj</name>
      </input_file>
      <input_file id="fl-db">
         <path>C:\ti\ccs930\ccs\tools\compiler\ti-cgt-arm_18.12.4.LTS\lib\</path>
         <kind>archive</kind>
         <file>rtsv7R4_A_be_eabi.lib</file>
         <name>fd_mul32.asm.obj</name>
      </input_file>
      <input_file id="fl-dc">
         <path>C:\ti\ccs930\ccs\tools\compiler\ti-cgt-arm_18.12.4.LTS\lib\</path>
         <kind>archive</kind>
         <file>rtsv7R4_A_be_eabi.lib</file>
         <name>fd_tou32.asm.obj</name>
      </input_file>
      <input_file id="fl-dd">
         <path>C:\ti\ccs930\ccs\tools\compiler\ti-cgt-arm_18.12.4.LTS\lib\</path>
         <kind>archive</kind>
         <file>rtsv7R4_A_be_eabi.lib</file>
         <name>memcpy32.asm.obj</name>
      </input_file>
      <input_file id="fl-de">
         <path>C:\ti\ccs930\ccs\tools\compiler\ti-cgt-arm_18.12.4.LTS\lib\</path>
         <kind>archive</kind>
         <file>rtsv7R4_A_be_eabi.lib</file>
         <name>u_tofd32.asm.obj</name>
      </input_file>
      <input_file id="fl-df">
         <path>C:\ti\ccs930\ccs\tools\compiler\ti-cgt-arm_18.12.4.LTS\lib\</path>
         <kind>archive</kind>
         <file>rtsv7R4_A_be_eabi.lib</file>
         <name>autoinit.c.obj</name>
      </input_file>
      <input_file id="fl-e0">
         <path>C:\ti\ccs930\ccs\tools\compiler\ti-cgt-arm_18.12.4.LTS\lib\</path>
         <kind>archive</kind>
         <file>rtsv7R4_A_be_eabi.lib</file>
         <name>cpy_tbl.c.obj</name>
      </input_file>
      <input_file id="fl-e1">
         <path>C:\ti\ccs930\ccs\tools\compiler\ti-cgt-arm_18.12.4.LTS\lib\</path>
         <kind>archive</kind>
         <file>rtsv7R4_A_be_eabi.lib</file>
         <name>copy_zero_init.c.obj</name>
      </input_file>
      <input_file id="fl-e2">
         <path>C:\ti\ccs930\ccs\tools\compiler\ti-cgt-arm_18.12.4.LTS\lib\</path>
         <kind>archive</kind>
         <file>rtsv7R4_A_be_eabi.lib</file>
         <name>copy_decompress_none.c.obj</name>
      </input_file>
      <input_file id="fl-e3">
         <path>C:\ti\ccs930\ccs\tools\compiler\ti-cgt-arm_18.12.4.LTS\lib\</path>
         <kind>archive</kind>
         <file>rtsv7R4_A_be_eabi.lib</file>
         <name>copy_decompress_lzss.c.obj</name>
      </input_file>
      <input_file id="fl-e4">
         <path>C:\ti\ccs930\ccs\tools\compiler\ti-cgt-arm_18.12.4.LTS\lib\</path>
         <kind>archive</kind>
         <file>rtsv7R4_A_be_eabi.lib</file>
         <name>exit.c.obj</name>
      </input_file>
      <input_file id="fl-e5">
         <path>C:\ti\ccs930\ccs\tools\compiler\ti-cgt-arm_18.12.4.LTS\lib\</path>
         <kind>archive</kind>
         <file>rtsv7R4_A_be_eabi.lib</file>
         <name>_lock.c.obj</name>
      </input_file>
      <input_file id="fl-e6">
         <path>C:\ti\ccs930\ccs\tools\compiler\ti-cgt-arm_18.12.4.LTS\lib\</path>
         <kind>archive</kind>
         <file>rtsv7R4_A_be_eabi.lib</file>
         <name>strlen.c.obj</name>
      </input_file>
      <input_file id="fl-e7">
         <path>C:\ti\ccs930\ccs\tools\compiler\ti-cgt-arm_18.12.4.LTS\lib\</path>
         <kind>archive</kind>
         <file>rtsv7R4_A_be_eabi.lib</file>
         <name>div0.asm.obj</name>
      </input_file>
   </input_file_list>
   <object_component_list>
      <object_component id="oc-30">
         <name>.intvecs</name>
         <load_address>0x0</load_address>
         <run_address>0x0</run_address>
         <size>0x20</size>
         <input_file_ref idref="fl-15"/>
      </object_component>
      <object_component id="oc-147">
         <name>.kernelTEXT</name>
         <load_address>0x20</load_address>
         <run_address>0x20</run_address>
         <size>0x2bdc</size>
         <input_file_ref idref="fl-10"/>
      </object_component>
      <object_component id="oc-217">
         <name>.kernelTEXT</name>
         <load_address>0x2bfc</load_address>
         <run_address>0x2bfc</run_address>
         <size>0x11dc</size>
         <input_file_ref idref="fl-f"/>
      </object_component>
      <object_component id="oc-21d">
         <name>.kernelTEXT</name>
         <load_address>0x3dd8</load_address>
         <run_address>0x3dd8</run_address>
         <size>0x81c</size>
         <input_file_ref idref="fl-9"/>
      </object_component>
      <object_component id="oc-24a">
         <name>.kernelTEXT</name>
         <load_address>0x45f4</load_address>
         <run_address>0x45f4</run_address>
         <size>0x3bc</size>
         <input_file_ref idref="fl-d"/>
      </object_component>
      <object_component id="oc-a2">
         <name>.kernelTEXT</name>
         <load_address>0x49b0</load_address>
         <run_address>0x49b0</run_address>
         <size>0x3b0</size>
         <input_file_ref idref="fl-e"/>
      </object_component>
      <object_component id="oc-23e">
         <name>.kernelTEXT</name>
         <load_address>0x4d60</load_address>
         <run_address>0x4d60</run_address>
         <size>0x380</size>
         <input_file_ref idref="fl-a"/>
      </object_component>
      <object_component id="oc-35b">
         <name>.cinit..data.load</name>
         <load_address>0x50e0</load_address>
         <run_address>0x50e0</run_address>
         <size>0x15</size>
      </object_component>
      <object_component id="oc-356">
         <name>__TI_handler_table</name>
         <load_address>0x50f8</load_address>
         <run_address>0x50f8</run_address>
         <size>0xc</size>
      </object_component>
      <object_component id="oc-358">
         <name>.cinit..kernelBSS.load</name>
         <load_address>0x5104</load_address>
         <run_address>0x5104</run_address>
         <size>0x9</size>
      </object_component>
      <object_component id="oc-35a">
         <name>.cinit..bss.load</name>
         <load_address>0x5110</load_address>
         <run_address>0x5110</run_address>
         <size>0x8</size>
      </object_component>
      <object_component id="oc-359">
         <name>.cinit..kernelHEAP.load</name>
         <load_address>0x5118</load_address>
         <run_address>0x5118</run_address>
         <size>0x8</size>
      </object_component>
      <object_component id="oc-357">
         <name>__TI_cinit_table</name>
         <load_address>0x5120</load_address>
         <run_address>0x5120</run_address>
         <size>0x20</size>
      </object_component>
      <object_component id="oc-81">
         <name>.text</name>
         <load_address>0x8020</load_address>
         <run_address>0x8020</run_address>
         <size>0x24f0</size>
         <input_file_ref idref="fl-1b"/>
      </object_component>
      <object_component id="oc-13b">
         <name>.text</name>
         <load_address>0xa510</load_address>
         <run_address>0xa510</run_address>
         <size>0xae4</size>
         <input_file_ref idref="fl-13"/>
      </object_component>
      <object_component id="oc-7b">
         <name>.text</name>
         <load_address>0xaff4</load_address>
         <run_address>0xaff4</run_address>
         <size>0xaa0</size>
         <input_file_ref idref="fl-1e"/>
      </object_component>
      <object_component id="oc-141">
         <name>.text</name>
         <load_address>0xba94</load_address>
         <run_address>0xba94</run_address>
         <size>0x9a0</size>
         <input_file_ref idref="fl-c"/>
      </object_component>
      <object_component id="oc-3f">
         <name>.text</name>
         <load_address>0xc434</load_address>
         <run_address>0xc434</run_address>
         <size>0x89c</size>
         <input_file_ref idref="fl-1d"/>
      </object_component>
      <object_component id="oc-6f">
         <name>.text</name>
         <load_address>0xccd0</load_address>
         <run_address>0xccd0</run_address>
         <size>0x664</size>
         <input_file_ref idref="fl-3"/>
      </object_component>
      <object_component id="oc-87">
         <name>.text</name>
         <load_address>0xd334</load_address>
         <run_address>0xd334</run_address>
         <size>0x5bc</size>
         <input_file_ref idref="fl-4"/>
      </object_component>
      <object_component id="oc-135">
         <name>.text</name>
         <load_address>0xd8f0</load_address>
         <run_address>0xd8f0</run_address>
         <size>0x36c</size>
         <input_file_ref idref="fl-5"/>
      </object_component>
      <object_component id="oc-6a">
         <name>.text</name>
         <load_address>0xdc5c</load_address>
         <run_address>0xdc5c</run_address>
         <size>0x2d0</size>
         <input_file_ref idref="fl-14"/>
      </object_component>
      <object_component id="oc-2a">
         <name>.text:retain</name>
         <load_address>0xdf2c</load_address>
         <run_address>0xdf2c</run_address>
         <size>0x288</size>
         <input_file_ref idref="fl-13"/>
      </object_component>
      <object_component id="oc-2b7">
         <name>.text</name>
         <load_address>0xe1b4</load_address>
         <run_address>0xe1b4</run_address>
         <size>0x278</size>
         <input_file_ref idref="fl-a"/>
      </object_component>
      <object_component id="oc-3b">
         <name>.text:retain</name>
         <load_address>0xe42c</load_address>
         <run_address>0xe42c</run_address>
         <size>0x268</size>
         <input_file_ref idref="fl-1d"/>
      </object_component>
      <object_component id="oc-244">
         <name>.text</name>
         <load_address>0xe694</load_address>
         <run_address>0xe694</run_address>
         <size>0x238</size>
         <input_file_ref idref="fl-b"/>
      </object_component>
      <object_component id="oc-1b">
         <name>.text:retain</name>
         <load_address>0xe8cc</load_address>
         <run_address>0xe8cc</run_address>
         <size>0x21c</size>
         <input_file_ref idref="fl-1c"/>
      </object_component>
      <object_component id="oc-2c7">
         <name>.text</name>
         <load_address>0xeae8</load_address>
         <run_address>0xeae8</run_address>
         <size>0x1b4</size>
         <input_file_ref idref="fl-d"/>
      </object_component>
      <object_component id="oc-52">
         <name>.text</name>
         <load_address>0xec9c</load_address>
         <run_address>0xec9c</run_address>
         <size>0x180</size>
         <input_file_ref idref="fl-dd"/>
      </object_component>
      <object_component id="oc-211">
         <name>.text</name>
         <load_address>0xee1c</load_address>
         <run_address>0xee1c</run_address>
         <size>0x164</size>
         <input_file_ref idref="fl-10"/>
      </object_component>
      <object_component id="oc-ef">
         <name>.text</name>
         <load_address>0xef80</load_address>
         <run_address>0xef80</run_address>
         <size>0x150</size>
         <input_file_ref idref="fl-12"/>
      </object_component>
      <object_component id="oc-8e">
         <name>.text</name>
         <load_address>0xf0d0</load_address>
         <run_address>0xf0d0</run_address>
         <size>0x13c</size>
         <input_file_ref idref="fl-16"/>
      </object_component>
      <object_component id="oc-21">
         <name>.text:retain</name>
         <load_address>0xf20c</load_address>
         <run_address>0xf20c</run_address>
         <size>0xec</size>
         <input_file_ref idref="fl-4"/>
      </object_component>
      <object_component id="oc-b4">
         <name>.text</name>
         <load_address>0xf2f8</load_address>
         <run_address>0xf2f8</run_address>
         <size>0xe8</size>
         <input_file_ref idref="fl-2"/>
      </object_component>
      <object_component id="oc-f7">
         <name>.text</name>
         <load_address>0xf3e0</load_address>
         <run_address>0xf3e0</run_address>
         <size>0xe0</size>
         <input_file_ref idref="fl-1a"/>
      </object_component>
      <object_component id="oc-96">
         <name>.text</name>
         <load_address>0xf4c0</load_address>
         <run_address>0xf4c0</run_address>
         <size>0xd0</size>
         <input_file_ref idref="fl-7"/>
      </object_component>
      <object_component id="oc-e1">
         <name>.text</name>
         <load_address>0xf590</load_address>
         <run_address>0xf590</run_address>
         <size>0xb0</size>
         <input_file_ref idref="fl-d8"/>
      </object_component>
      <object_component id="oc-e">
         <name>.text:decompress:lzss:__TI_decompress_lzss</name>
         <load_address>0xf640</load_address>
         <run_address>0xf640</run_address>
         <size>0x90</size>
         <input_file_ref idref="fl-e3"/>
      </object_component>
      <object_component id="oc-105">
         <name>.text:__TI_auto_init_nobinit_nopinit:__TI_auto_init_nobinit_nopinit</name>
         <load_address>0xf6d0</load_address>
         <run_address>0xf6d0</run_address>
         <size>0x68</size>
         <input_file_ref idref="fl-df"/>
      </object_component>
      <object_component id="oc-253">
         <name>.text:strlen</name>
         <load_address>0xf738</load_address>
         <run_address>0xf738</run_address>
         <size>0x20</size>
         <input_file_ref idref="fl-e6"/>
      </object_component>
      <object_component id="oc-14">
         <name>.text:decompress:none:__TI_decompress_none</name>
         <load_address>0xf758</load_address>
         <run_address>0xf758</run_address>
         <size>0x14</size>
         <input_file_ref idref="fl-e2"/>
      </object_component>
      <object_component id="oc-64">
         <name>.text:decompress:ZI:__TI_zero_init</name>
         <load_address>0xf76c</load_address>
         <run_address>0xf76c</run_address>
         <size>0x10</size>
         <input_file_ref idref="fl-e1"/>
      </object_component>
      <object_component id="oc-157">
         <name>.text:abort:abort</name>
         <load_address>0xf77c</load_address>
         <run_address>0xf77c</run_address>
         <size>0x8</size>
         <input_file_ref idref="fl-e4"/>
      </object_component>
      <object_component id="oc-35">
         <name>.text:retain</name>
         <load_address>0xf784</load_address>
         <run_address>0xf784</run_address>
         <size>0x4</size>
         <input_file_ref idref="fl-19"/>
      </object_component>
      <object_component id="oc-75">
         <name>.text</name>
         <load_address>0xf788</load_address>
         <run_address>0xf788</run_address>
         <size>0x4</size>
         <input_file_ref idref="fl-1c"/>
      </object_component>
      <object_component id="oc-27">
         <name>.const:s_vim_init</name>
         <load_address>0xf78c</load_address>
         <run_address>0xf78c</run_address>
         <size>0x180</size>
         <input_file_ref idref="fl-1d"/>
      </object_component>
      <object_component id="oc-16a">
         <name>.kernelBSS:init</name>
         <load_address>0x80008d0</load_address>
         <run_address>0x80008d0</run_address>
         <size>0x34</size>
         <input_file_ref idref="fl-10"/>
      </object_component>
      <object_component id="oc-250">
         <name>.kernelBSS:uninit</name>
         <load_address>0x8000800</load_address>
         <run_address>0x8000800</run_address>
         <size>0xd0</size>
         <input_file_ref idref="fl-10"/>
      </object_component>
      <object_component id="oc-317">
         <name>.kernelHEAP</name>
         <uninitialized>true</uninitialized>
         <run_address>0x8001000</run_address>
         <size>0x2000</size>
         <input_file_ref idref="fl-a"/>
      </object_component>
      <object_component id="oc-2c0">
         <name>.bss:xStart</name>
         <uninitialized>true</uninitialized>
         <run_address>0x8003048</run_address>
         <size>0x8</size>
         <input_file_ref idref="fl-a"/>
      </object_component>
      <object_component id="oc-aa">
         <name>.bss:g_spiPacket_t</name>
         <uninitialized>true</uninitialized>
         <run_address>0x8003000</run_address>
         <size>0x48</size>
         <input_file_ref idref="fl-13"/>
      </object_component>
      <object_component id="oc-153">
         <name>.common:xTask1Handle</name>
         <uninitialized>true</uninitialized>
         <run_address>0x8003050</run_address>
         <size>0x4</size>
      </object_component>
      <object_component id="oc-2bd">
         <name>.data</name>
         <load_address>0x8003054</load_address>
         <run_address>0x8003054</run_address>
         <size>0x10</size>
         <input_file_ref idref="fl-a"/>
      </object_component>
      <object_component id="oc-16d">
         <name>.data</name>
         <load_address>0x8003064</load_address>
         <run_address>0x8003064</run_address>
         <size>0x8</size>
         <input_file_ref idref="fl-d"/>
      </object_component>
      <object_component id="oc-14d">
         <name>.data:TX_Data_for_config_Master</name>
         <load_address>0x8003072</load_address>
         <run_address>0x8003072</run_address>
         <size>0x6</size>
         <input_file_ref idref="fl-16"/>
      </object_component>
      <object_component id="oc-150">
         <name>.data:TX_Data2_Master</name>
         <load_address>0x800306c</load_address>
         <run_address>0x800306c</run_address>
         <size>0x6</size>
         <input_file_ref idref="fl-16"/>
      </object_component>
      <object_component id="oc-b5">
         <name>.debug_info</name>
         <load_address>0x0</load_address>
         <run_address>0x0</run_address>
         <size>0xf8</size>
         <input_file_ref idref="fl-2"/>
      </object_component>
      <object_component id="oc-1b9">
         <name>.debug_info</name>
         <load_address>0xf8</load_address>
         <run_address>0xf8</run_address>
         <size>0x189</size>
         <input_file_ref idref="fl-3"/>
      </object_component>
      <object_component id="oc-73">
         <name>.debug_info</name>
         <load_address>0x281</load_address>
         <run_address>0x281</run_address>
         <size>0x638</size>
         <input_file_ref idref="fl-3"/>
      </object_component>
      <object_component id="oc-4d">
         <name>.debug_info</name>
         <load_address>0x8b9</load_address>
         <run_address>0x8b9</run_address>
         <size>0x84</size>
         <input_file_ref idref="fl-3"/>
      </object_component>
      <object_component id="oc-e9">
         <name>.debug_info</name>
         <load_address>0x93d</load_address>
         <run_address>0x93d</run_address>
         <size>0x9e7</size>
         <input_file_ref idref="fl-3"/>
      </object_component>
      <object_component id="oc-104">
         <name>.debug_info</name>
         <load_address>0x1324</load_address>
         <run_address>0x1324</run_address>
         <size>0x1e1</size>
         <input_file_ref idref="fl-4"/>
      </object_component>
      <object_component id="oc-89">
         <name>.debug_info</name>
         <load_address>0x1505</load_address>
         <run_address>0x1505</run_address>
         <size>0xb24</size>
         <input_file_ref idref="fl-4"/>
      </object_component>
      <object_component id="oc-24">
         <name>.debug_info</name>
         <load_address>0x2029</load_address>
         <run_address>0x2029</run_address>
         <size>0x184</size>
         <input_file_ref idref="fl-4"/>
      </object_component>
      <object_component id="oc-173">
         <name>.debug_info</name>
         <load_address>0x21ad</load_address>
         <run_address>0x21ad</run_address>
         <size>0x26b</size>
         <input_file_ref idref="fl-4"/>
      </object_component>
      <object_component id="oc-9d">
         <name>.debug_info</name>
         <load_address>0x2418</load_address>
         <run_address>0x2418</run_address>
         <size>0x157</size>
         <input_file_ref idref="fl-4"/>
      </object_component>
      <object_component id="oc-c2">
         <name>.debug_info</name>
         <load_address>0x256f</load_address>
         <run_address>0x256f</run_address>
         <size>0x8b</size>
         <input_file_ref idref="fl-4"/>
      </object_component>
      <object_component id="oc-bd">
         <name>.debug_info</name>
         <load_address>0x25fa</load_address>
         <run_address>0x25fa</run_address>
         <size>0x18c</size>
         <input_file_ref idref="fl-4"/>
      </object_component>
      <object_component id="oc-277">
         <name>.debug_info</name>
         <load_address>0x2786</load_address>
         <run_address>0x2786</run_address>
         <size>0x297</size>
         <input_file_ref idref="fl-4"/>
      </object_component>
      <object_component id="oc-165">
         <name>.debug_info</name>
         <load_address>0x2a1d</load_address>
         <run_address>0x2a1d</run_address>
         <size>0xbb</size>
         <input_file_ref idref="fl-4"/>
      </object_component>
      <object_component id="oc-c7">
         <name>.debug_info</name>
         <load_address>0x2ad8</load_address>
         <run_address>0x2ad8</run_address>
         <size>0x86</size>
         <input_file_ref idref="fl-4"/>
      </object_component>
      <object_component id="oc-178">
         <name>.debug_info</name>
         <load_address>0x2b5e</load_address>
         <run_address>0x2b5e</run_address>
         <size>0x1de</size>
         <input_file_ref idref="fl-4"/>
      </object_component>
      <object_component id="oc-ff">
         <name>.debug_info</name>
         <load_address>0x2d3c</load_address>
         <run_address>0x2d3c</run_address>
         <size>0x129</size>
         <input_file_ref idref="fl-4"/>
      </object_component>
      <object_component id="oc-191">
         <name>.debug_info</name>
         <load_address>0x2e65</load_address>
         <run_address>0x2e65</run_address>
         <size>0x2cf</size>
         <input_file_ref idref="fl-4"/>
      </object_component>
      <object_component id="oc-20f">
         <name>.debug_info</name>
         <load_address>0x3134</load_address>
         <run_address>0x3134</run_address>
         <size>0x164</size>
         <input_file_ref idref="fl-5"/>
      </object_component>
      <object_component id="oc-137">
         <name>.debug_info</name>
         <load_address>0x3298</load_address>
         <run_address>0x3298</run_address>
         <size>0x6d1</size>
         <input_file_ref idref="fl-5"/>
      </object_component>
      <object_component id="oc-182">
         <name>.debug_info</name>
         <load_address>0x3969</load_address>
         <run_address>0x3969</run_address>
         <size>0x1f9</size>
         <input_file_ref idref="fl-5"/>
      </object_component>
      <object_component id="oc-2a0">
         <name>.debug_info</name>
         <load_address>0x3b62</load_address>
         <run_address>0x3b62</run_address>
         <size>0xda</size>
         <input_file_ref idref="fl-5"/>
      </object_component>
      <object_component id="oc-289">
         <name>.debug_info</name>
         <load_address>0x3c3c</load_address>
         <run_address>0x3c3c</run_address>
         <size>0x1ba</size>
         <input_file_ref idref="fl-6"/>
      </object_component>
      <object_component id="oc-1b1">
         <name>.debug_info</name>
         <load_address>0x3df6</load_address>
         <run_address>0x3df6</run_address>
         <size>0x2c</size>
         <input_file_ref idref="fl-6"/>
      </object_component>
      <object_component id="oc-1d7">
         <name>.debug_info</name>
         <load_address>0x3e22</load_address>
         <run_address>0x3e22</run_address>
         <size>0x3d3</size>
         <input_file_ref idref="fl-6"/>
      </object_component>
      <object_component id="oc-2ea">
         <name>.debug_info</name>
         <load_address>0x41f5</load_address>
         <run_address>0x41f5</run_address>
         <size>0x2e3</size>
         <input_file_ref idref="fl-6"/>
      </object_component>
      <object_component id="oc-164">
         <name>.debug_info</name>
         <load_address>0x44d8</load_address>
         <run_address>0x44d8</run_address>
         <size>0x318</size>
         <input_file_ref idref="fl-7"/>
      </object_component>
      <object_component id="oc-97">
         <name>.debug_info</name>
         <load_address>0x47f0</load_address>
         <run_address>0x47f0</run_address>
         <size>0x93e</size>
         <input_file_ref idref="fl-7"/>
      </object_component>
      <object_component id="oc-1be">
         <name>.debug_info</name>
         <load_address>0x512e</load_address>
         <run_address>0x512e</run_address>
         <size>0x791</size>
         <input_file_ref idref="fl-7"/>
      </object_component>
      <object_component id="oc-1c3">
         <name>.debug_info</name>
         <load_address>0x58bf</load_address>
         <run_address>0x58bf</run_address>
         <size>0x4de</size>
         <input_file_ref idref="fl-7"/>
      </object_component>
      <object_component id="oc-1c8">
         <name>.debug_info</name>
         <load_address>0x5d9d</load_address>
         <run_address>0x5d9d</run_address>
         <size>0x3ce</size>
         <input_file_ref idref="fl-7"/>
      </object_component>
      <object_component id="oc-af">
         <name>.debug_info</name>
         <load_address>0x616b</load_address>
         <run_address>0x616b</run_address>
         <size>0x375</size>
         <input_file_ref idref="fl-7"/>
      </object_component>
      <object_component id="oc-1cd">
         <name>.debug_info</name>
         <load_address>0x64e0</load_address>
         <run_address>0x64e0</run_address>
         <size>0x437</size>
         <input_file_ref idref="fl-7"/>
      </object_component>
      <object_component id="oc-1f8">
         <name>.debug_info</name>
         <load_address>0x6917</load_address>
         <run_address>0x6917</run_address>
         <size>0x37b</size>
         <input_file_ref idref="fl-7"/>
      </object_component>
      <object_component id="oc-1d2">
         <name>.debug_info</name>
         <load_address>0x6c92</load_address>
         <run_address>0x6c92</run_address>
         <size>0x1ca</size>
         <input_file_ref idref="fl-7"/>
      </object_component>
      <object_component id="oc-17d">
         <name>.debug_info</name>
         <load_address>0x6e5c</load_address>
         <run_address>0x6e5c</run_address>
         <size>0x435</size>
         <input_file_ref idref="fl-7"/>
      </object_component>
      <object_component id="oc-1eb">
         <name>.debug_info</name>
         <load_address>0x7291</load_address>
         <run_address>0x7291</run_address>
         <size>0x510</size>
         <input_file_ref idref="fl-7"/>
      </object_component>
      <object_component id="oc-1e1">
         <name>.debug_info</name>
         <load_address>0x77a1</load_address>
         <run_address>0x77a1</run_address>
         <size>0x1de</size>
         <input_file_ref idref="fl-7"/>
      </object_component>
      <object_component id="oc-1a4">
         <name>.debug_info</name>
         <load_address>0x797f</load_address>
         <run_address>0x797f</run_address>
         <size>0x26c</size>
         <input_file_ref idref="fl-7"/>
      </object_component>
      <object_component id="oc-1f0">
         <name>.debug_info</name>
         <load_address>0x7beb</load_address>
         <run_address>0x7beb</run_address>
         <size>0x17a</size>
         <input_file_ref idref="fl-7"/>
      </object_component>
      <object_component id="oc-187">
         <name>.debug_info</name>
         <load_address>0x7d65</load_address>
         <run_address>0x7d65</run_address>
         <size>0x642</size>
         <input_file_ref idref="fl-7"/>
      </object_component>
      <object_component id="oc-18c">
         <name>.debug_info</name>
         <load_address>0x83a7</load_address>
         <run_address>0x83a7</run_address>
         <size>0x13e</size>
         <input_file_ref idref="fl-7"/>
      </object_component>
      <object_component id="oc-2af">
         <name>.debug_info</name>
         <load_address>0x84e5</load_address>
         <run_address>0x84e5</run_address>
         <size>0x1d0</size>
         <input_file_ref idref="fl-8"/>
      </object_component>
      <object_component id="oc-22f">
         <name>.debug_info</name>
         <load_address>0x86b5</load_address>
         <run_address>0x86b5</run_address>
         <size>0x30c</size>
         <input_file_ref idref="fl-8"/>
      </object_component>
      <object_component id="oc-266">
         <name>.debug_info</name>
         <load_address>0x89c1</load_address>
         <run_address>0x89c1</run_address>
         <size>0x379</size>
         <input_file_ref idref="fl-8"/>
      </object_component>
      <object_component id="oc-224">
         <name>.debug_info</name>
         <load_address>0x8d3a</load_address>
         <run_address>0x8d3a</run_address>
         <size>0xe1</size>
         <input_file_ref idref="fl-8"/>
      </object_component>
      <object_component id="oc-312">
         <name>.debug_info</name>
         <load_address>0x8e1b</load_address>
         <run_address>0x8e1b</run_address>
         <size>0xcc</size>
         <input_file_ref idref="fl-8"/>
      </object_component>
      <object_component id="oc-229">
         <name>.debug_info</name>
         <load_address>0x8ee7</load_address>
         <run_address>0x8ee7</run_address>
         <size>0x2c</size>
         <input_file_ref idref="fl-8"/>
      </object_component>
      <object_component id="oc-261">
         <name>.debug_info</name>
         <load_address>0x8f13</load_address>
         <run_address>0x8f13</run_address>
         <size>0x14c</size>
         <input_file_ref idref="fl-8"/>
      </object_component>
      <object_component id="oc-2ae">
         <name>.debug_info</name>
         <load_address>0x905f</load_address>
         <run_address>0x905f</run_address>
         <size>0x547</size>
         <input_file_ref idref="fl-9"/>
      </object_component>
      <object_component id="oc-221">
         <name>.debug_info</name>
         <load_address>0x95a6</load_address>
         <run_address>0x95a6</run_address>
         <size>0x1473</size>
         <input_file_ref idref="fl-9"/>
      </object_component>
      <object_component id="oc-2a8">
         <name>.debug_info</name>
         <load_address>0xaa19</load_address>
         <run_address>0xaa19</run_address>
         <size>0x110</size>
         <input_file_ref idref="fl-9"/>
      </object_component>
      <object_component id="oc-239">
         <name>.debug_info</name>
         <load_address>0xab29</load_address>
         <run_address>0xab29</run_address>
         <size>0x39</size>
         <input_file_ref idref="fl-9"/>
      </object_component>
      <object_component id="oc-2b2">
         <name>.debug_info</name>
         <load_address>0xab62</load_address>
         <run_address>0xab62</run_address>
         <size>0x46</size>
         <input_file_ref idref="fl-9"/>
      </object_component>
      <object_component id="oc-30b">
         <name>.debug_info</name>
         <load_address>0xaba8</load_address>
         <run_address>0xaba8</run_address>
         <size>0x62</size>
         <input_file_ref idref="fl-9"/>
      </object_component>
      <object_component id="oc-2c4">
         <name>.debug_info</name>
         <load_address>0xac0a</load_address>
         <run_address>0xac0a</run_address>
         <size>0x2ef</size>
         <input_file_ref idref="fl-a"/>
      </object_component>
      <object_component id="oc-318">
         <name>.debug_info</name>
         <load_address>0xaef9</load_address>
         <run_address>0xaef9</run_address>
         <size>0xd5</size>
         <input_file_ref idref="fl-a"/>
      </object_component>
      <object_component id="oc-2c1">
         <name>.debug_info</name>
         <load_address>0xafce</load_address>
         <run_address>0xafce</run_address>
         <size>0xd5</size>
         <input_file_ref idref="fl-a"/>
      </object_component>
      <object_component id="oc-2be">
         <name>.debug_info</name>
         <load_address>0xb0a3</load_address>
         <run_address>0xb0a3</run_address>
         <size>0x189</size>
         <input_file_ref idref="fl-a"/>
      </object_component>
      <object_component id="oc-241">
         <name>.debug_info</name>
         <load_address>0xb22c</load_address>
         <run_address>0xb22c</run_address>
         <size>0x532</size>
         <input_file_ref idref="fl-a"/>
      </object_component>
      <object_component id="oc-2b9">
         <name>.debug_info</name>
         <load_address>0xb75e</load_address>
         <run_address>0xb75e</run_address>
         <size>0x2ac</size>
         <input_file_ref idref="fl-a"/>
      </object_component>
      <object_component id="oc-31f">
         <name>.debug_info</name>
         <load_address>0xba0a</load_address>
         <run_address>0xba0a</run_address>
         <size>0x62</size>
         <input_file_ref idref="fl-a"/>
      </object_component>
      <object_component id="oc-2c6">
         <name>.debug_info</name>
         <load_address>0xba6c</load_address>
         <run_address>0xba6c</run_address>
         <size>0x22a</size>
         <input_file_ref idref="fl-b"/>
      </object_component>
      <object_component id="oc-245">
         <name>.debug_info</name>
         <load_address>0xbc96</load_address>
         <run_address>0xbc96</run_address>
         <size>0x4b3</size>
         <input_file_ref idref="fl-b"/>
      </object_component>
      <object_component id="oc-22e">
         <name>.debug_info</name>
         <load_address>0xc149</load_address>
         <run_address>0xc149</run_address>
         <size>0xcf6</size>
         <input_file_ref idref="fl-c"/>
      </object_component>
      <object_component id="oc-142">
         <name>.debug_info</name>
         <load_address>0xce3f</load_address>
         <run_address>0xce3f</run_address>
         <size>0x3b0f</size>
         <input_file_ref idref="fl-c"/>
      </object_component>
      <object_component id="oc-234">
         <name>.debug_info</name>
         <load_address>0x1094e</load_address>
         <run_address>0x1094e</run_address>
         <size>0x46</size>
         <input_file_ref idref="fl-c"/>
      </object_component>
      <object_component id="oc-2ce">
         <name>.debug_info</name>
         <load_address>0x10994</load_address>
         <run_address>0x10994</run_address>
         <size>0x342</size>
         <input_file_ref idref="fl-d"/>
      </object_component>
      <object_component id="oc-16e">
         <name>.debug_info</name>
         <load_address>0x10cd6</load_address>
         <run_address>0x10cd6</run_address>
         <size>0x123</size>
         <input_file_ref idref="fl-d"/>
      </object_component>
      <object_component id="oc-24d">
         <name>.debug_info</name>
         <load_address>0x10df9</load_address>
         <run_address>0x10df9</run_address>
         <size>0x5b5</size>
         <input_file_ref idref="fl-d"/>
      </object_component>
      <object_component id="oc-2c9">
         <name>.debug_info</name>
         <load_address>0x113ae</load_address>
         <run_address>0x113ae</run_address>
         <size>0x35b</size>
         <input_file_ref idref="fl-d"/>
      </object_component>
      <object_component id="oc-a4">
         <name>.debug_info</name>
         <load_address>0x11709</load_address>
         <run_address>0x11709</run_address>
         <size>0x49e</size>
         <input_file_ref idref="fl-e"/>
      </object_component>
      <object_component id="oc-2a7">
         <name>.debug_info</name>
         <load_address>0x11ba7</load_address>
         <run_address>0x11ba7</run_address>
         <size>0x5a1</size>
         <input_file_ref idref="fl-f"/>
      </object_component>
      <object_component id="oc-21b">
         <name>.debug_info</name>
         <load_address>0x12148</load_address>
         <run_address>0x12148</run_address>
         <size>0x23f9</size>
         <input_file_ref idref="fl-f"/>
      </object_component>
      <object_component id="oc-304">
         <name>.debug_info</name>
         <load_address>0x14541</load_address>
         <run_address>0x14541</run_address>
         <size>0x155</size>
         <input_file_ref idref="fl-f"/>
      </object_component>
      <object_component id="oc-25a">
         <name>.debug_info</name>
         <load_address>0x14696</load_address>
         <run_address>0x14696</run_address>
         <size>0x718</size>
         <input_file_ref idref="fl-10"/>
      </object_component>
      <object_component id="oc-16b">
         <name>.debug_info</name>
         <load_address>0x14dae</load_address>
         <run_address>0x14dae</run_address>
         <size>0x346</size>
         <input_file_ref idref="fl-10"/>
      </object_component>
      <object_component id="oc-251">
         <name>.debug_info</name>
         <load_address>0x150f4</load_address>
         <run_address>0x150f4</run_address>
         <size>0x272</size>
         <input_file_ref idref="fl-10"/>
      </object_component>
      <object_component id="oc-149">
         <name>.debug_info</name>
         <load_address>0x15366</load_address>
         <run_address>0x15366</run_address>
         <size>0x4b86</size>
         <input_file_ref idref="fl-10"/>
      </object_component>
      <object_component id="oc-213">
         <name>.debug_info</name>
         <load_address>0x19eec</load_address>
         <run_address>0x19eec</run_address>
         <size>0x3f4</size>
         <input_file_ref idref="fl-10"/>
      </object_component>
      <object_component id="oc-2d5">
         <name>.debug_info</name>
         <load_address>0x1a2e0</load_address>
         <run_address>0x1a2e0</run_address>
         <size>0x146</size>
         <input_file_ref idref="fl-10"/>
      </object_component>
      <object_component id="oc-1bb">
         <name>.debug_info</name>
         <load_address>0x1a426</load_address>
         <run_address>0x1a426</run_address>
         <size>0x14b</size>
         <input_file_ref idref="fl-12"/>
      </object_component>
      <object_component id="oc-f1">
         <name>.debug_info</name>
         <load_address>0x1a571</load_address>
         <run_address>0x1a571</run_address>
         <size>0x1de</size>
         <input_file_ref idref="fl-12"/>
      </object_component>
      <object_component id="oc-1dc">
         <name>.debug_info</name>
         <load_address>0x1a74f</load_address>
         <run_address>0x1a74f</run_address>
         <size>0x1d8</size>
         <input_file_ref idref="fl-12"/>
      </object_component>
      <object_component id="oc-284">
         <name>.debug_info</name>
         <load_address>0x1a927</load_address>
         <run_address>0x1a927</run_address>
         <size>0xc6</size>
         <input_file_ref idref="fl-12"/>
      </object_component>
      <object_component id="oc-ae">
         <name>.debug_info</name>
         <load_address>0x1a9ed</load_address>
         <run_address>0x1a9ed</run_address>
         <size>0x206</size>
         <input_file_ref idref="fl-13"/>
      </object_component>
      <object_component id="oc-ab">
         <name>.debug_info</name>
         <load_address>0x1abf3</load_address>
         <run_address>0x1abf3</run_address>
         <size>0xdf</size>
         <input_file_ref idref="fl-13"/>
      </object_component>
      <object_component id="oc-13d">
         <name>.debug_info</name>
         <load_address>0x1acd2</load_address>
         <run_address>0x1acd2</run_address>
         <size>0xf71</size>
         <input_file_ref idref="fl-13"/>
      </object_component>
      <object_component id="oc-2c">
         <name>.debug_info</name>
         <load_address>0x1bc43</load_address>
         <run_address>0x1bc43</run_address>
         <size>0x284</size>
         <input_file_ref idref="fl-13"/>
      </object_component>
      <object_component id="oc-19f">
         <name>.debug_info</name>
         <load_address>0x1bec7</load_address>
         <run_address>0x1bec7</run_address>
         <size>0xb9</size>
         <input_file_ref idref="fl-13"/>
      </object_component>
      <object_component id="oc-6b">
         <name>.debug_info</name>
         <load_address>0x1bf80</load_address>
         <run_address>0x1bf80</run_address>
         <size>0x779</size>
         <input_file_ref idref="fl-14"/>
      </object_component>
      <object_component id="oc-31">
         <name>.debug_info</name>
         <load_address>0x1c6f9</load_address>
         <run_address>0x1c6f9</run_address>
         <size>0x100</size>
         <input_file_ref idref="fl-15"/>
      </object_component>
      <object_component id="oc-154">
         <name>.debug_info</name>
         <load_address>0x1c7f9</load_address>
         <run_address>0x1c7f9</run_address>
         <size>0x46c</size>
         <input_file_ref idref="fl-16"/>
      </object_component>
      <object_component id="oc-14e">
         <name>.debug_info</name>
         <load_address>0x1cc65</load_address>
         <run_address>0x1cc65</run_address>
         <size>0xfd</size>
         <input_file_ref idref="fl-16"/>
      </object_component>
      <object_component id="oc-151">
         <name>.debug_info</name>
         <load_address>0x1cd62</load_address>
         <run_address>0x1cd62</run_address>
         <size>0xe9</size>
         <input_file_ref idref="fl-16"/>
      </object_component>
      <object_component id="oc-90">
         <name>.debug_info</name>
         <load_address>0x1ce4b</load_address>
         <run_address>0x1ce4b</run_address>
         <size>0x2a1</size>
         <input_file_ref idref="fl-16"/>
      </object_component>
      <object_component id="oc-28a">
         <name>.debug_info</name>
         <load_address>0x1d0ec</load_address>
         <run_address>0x1d0ec</run_address>
         <size>0x16a</size>
         <input_file_ref idref="fl-18"/>
      </object_component>
      <object_component id="oc-2f1">
         <name>.debug_info</name>
         <load_address>0x1d256</load_address>
         <run_address>0x1d256</run_address>
         <size>0x242</size>
         <input_file_ref idref="fl-18"/>
      </object_component>
      <object_component id="oc-1e6">
         <name>.debug_info</name>
         <load_address>0x1d498</load_address>
         <run_address>0x1d498</run_address>
         <size>0x2af</size>
         <input_file_ref idref="fl-18"/>
      </object_component>
      <object_component id="oc-36">
         <name>.debug_info</name>
         <load_address>0x1d747</load_address>
         <run_address>0x1d747</run_address>
         <size>0x135</size>
         <input_file_ref idref="fl-19"/>
      </object_component>
      <object_component id="oc-f8">
         <name>.debug_info</name>
         <load_address>0x1d87c</load_address>
         <run_address>0x1d87c</run_address>
         <size>0x35f</size>
         <input_file_ref idref="fl-1a"/>
      </object_component>
      <object_component id="oc-fd">
         <name>.debug_info</name>
         <load_address>0x1dbdb</load_address>
         <run_address>0x1dbdb</run_address>
         <size>0x52c</size>
         <input_file_ref idref="fl-1b"/>
      </object_component>
      <object_component id="oc-82">
         <name>.debug_info</name>
         <load_address>0x1e107</load_address>
         <run_address>0x1e107</run_address>
         <size>0x27fa</size>
         <input_file_ref idref="fl-1b"/>
      </object_component>
      <object_component id="oc-1c">
         <name>.debug_info</name>
         <load_address>0x20901</load_address>
         <run_address>0x20901</run_address>
         <size>0x51c</size>
         <input_file_ref idref="fl-1c"/>
      </object_component>
      <object_component id="oc-76">
         <name>.debug_info</name>
         <load_address>0x20e1d</load_address>
         <run_address>0x20e1d</run_address>
         <size>0x12e</size>
         <input_file_ref idref="fl-1c"/>
      </object_component>
      <object_component id="oc-a9">
         <name>.debug_info</name>
         <load_address>0x20f4b</load_address>
         <run_address>0x20f4b</run_address>
         <size>0x364</size>
         <input_file_ref idref="fl-1d"/>
      </object_component>
      <object_component id="oc-28">
         <name>.debug_info</name>
         <load_address>0x212af</load_address>
         <run_address>0x212af</run_address>
         <size>0xdd</size>
         <input_file_ref idref="fl-1d"/>
      </object_component>
      <object_component id="oc-40">
         <name>.debug_info</name>
         <load_address>0x2138c</load_address>
         <run_address>0x2138c</run_address>
         <size>0x46f</size>
         <input_file_ref idref="fl-1d"/>
      </object_component>
      <object_component id="oc-3c">
         <name>.debug_info</name>
         <load_address>0x217fb</load_address>
         <run_address>0x217fb</run_address>
         <size>0x1f8</size>
         <input_file_ref idref="fl-1d"/>
      </object_component>
      <object_component id="oc-196">
         <name>.debug_info</name>
         <load_address>0x219f3</load_address>
         <run_address>0x219f3</run_address>
         <size>0x4f</size>
         <input_file_ref idref="fl-1d"/>
      </object_component>
      <object_component id="oc-f6">
         <name>.debug_info</name>
         <load_address>0x21a42</load_address>
         <run_address>0x21a42</run_address>
         <size>0x3d8</size>
         <input_file_ref idref="fl-1e"/>
      </object_component>
      <object_component id="oc-7c">
         <name>.debug_info</name>
         <load_address>0x21e1a</load_address>
         <run_address>0x21e1a</run_address>
         <size>0x7d2</size>
         <input_file_ref idref="fl-1e"/>
      </object_component>
      <object_component id="oc-e4">
         <name>.debug_info</name>
         <load_address>0x225ec</load_address>
         <run_address>0x225ec</run_address>
         <size>0x11a</size>
         <input_file_ref idref="fl-d8"/>
      </object_component>
      <object_component id="oc-55">
         <name>.debug_info</name>
         <load_address>0x22706</load_address>
         <run_address>0x22706</run_address>
         <size>0x152</size>
         <input_file_ref idref="fl-dd"/>
      </object_component>
      <object_component id="oc-200">
         <name>.debug_info</name>
         <load_address>0x22858</load_address>
         <run_address>0x22858</run_address>
         <size>0x353</size>
         <input_file_ref idref="fl-df"/>
      </object_component>
      <object_component id="oc-106">
         <name>.debug_info</name>
         <load_address>0x22bab</load_address>
         <run_address>0x22bab</run_address>
         <size>0x174</size>
         <input_file_ref idref="fl-df"/>
      </object_component>
      <object_component id="oc-28d">
         <name>.debug_info</name>
         <load_address>0x22d1f</load_address>
         <run_address>0x22d1f</run_address>
         <size>0x39</size>
         <input_file_ref idref="fl-df"/>
      </object_component>
      <object_component id="oc-2f6">
         <name>.debug_info</name>
         <load_address>0x22d58</load_address>
         <run_address>0x22d58</run_address>
         <size>0x39</size>
         <input_file_ref idref="fl-df"/>
      </object_component>
      <object_component id="oc-292">
         <name>.debug_info</name>
         <load_address>0x22d91</load_address>
         <run_address>0x22d91</run_address>
         <size>0x39</size>
         <input_file_ref idref="fl-df"/>
      </object_component>
      <object_component id="oc-297">
         <name>.debug_info</name>
         <load_address>0x22dca</load_address>
         <run_address>0x22dca</run_address>
         <size>0xcd</size>
         <input_file_ref idref="fl-df"/>
      </object_component>
      <object_component id="oc-e0">
         <name>.debug_info</name>
         <load_address>0x22e97</load_address>
         <run_address>0x22e97</run_address>
         <size>0x16f</size>
         <input_file_ref idref="fl-e1"/>
      </object_component>
      <object_component id="oc-65">
         <name>.debug_info</name>
         <load_address>0x23006</load_address>
         <run_address>0x23006</run_address>
         <size>0x16e</size>
         <input_file_ref idref="fl-e1"/>
      </object_component>
      <object_component id="oc-db">
         <name>.debug_info</name>
         <load_address>0x23174</load_address>
         <run_address>0x23174</run_address>
         <size>0x46</size>
         <input_file_ref idref="fl-e1"/>
      </object_component>
      <object_component id="oc-5d">
         <name>.debug_info</name>
         <load_address>0x231ba</load_address>
         <run_address>0x231ba</run_address>
         <size>0x143</size>
         <input_file_ref idref="fl-e2"/>
      </object_component>
      <object_component id="oc-16">
         <name>.debug_info</name>
         <load_address>0x232fd</load_address>
         <run_address>0x232fd</run_address>
         <size>0x1a3</size>
         <input_file_ref idref="fl-e2"/>
      </object_component>
      <object_component id="oc-58">
         <name>.debug_info</name>
         <load_address>0x234a0</load_address>
         <run_address>0x234a0</run_address>
         <size>0x46</size>
         <input_file_ref idref="fl-e2"/>
      </object_component>
      <object_component id="oc-d3">
         <name>.debug_info</name>
         <load_address>0x234e6</load_address>
         <run_address>0x234e6</run_address>
         <size>0x2c</size>
         <input_file_ref idref="fl-e2"/>
      </object_component>
      <object_component id="oc-d1">
         <name>.debug_info</name>
         <load_address>0x23512</load_address>
         <run_address>0x23512</run_address>
         <size>0x13e</size>
         <input_file_ref idref="fl-e3"/>
      </object_component>
      <object_component id="oc-10">
         <name>.debug_info</name>
         <load_address>0x23650</load_address>
         <run_address>0x23650</run_address>
         <size>0x21e</size>
         <input_file_ref idref="fl-e3"/>
      </object_component>
      <object_component id="oc-48">
         <name>.debug_info</name>
         <load_address>0x2386e</load_address>
         <run_address>0x2386e</run_address>
         <size>0x60</size>
         <input_file_ref idref="fl-e3"/>
      </object_component>
      <object_component id="oc-1aa">
         <name>.debug_info</name>
         <load_address>0x238ce</load_address>
         <run_address>0x238ce</run_address>
         <size>0x46</size>
         <input_file_ref idref="fl-e3"/>
      </object_component>
      <object_component id="oc-cc">
         <name>.debug_info</name>
         <load_address>0x23914</load_address>
         <run_address>0x23914</run_address>
         <size>0x39</size>
         <input_file_ref idref="fl-e3"/>
      </object_component>
      <object_component id="oc-159">
         <name>.debug_info</name>
         <load_address>0x2394d</load_address>
         <run_address>0x2394d</run_address>
         <size>0xf0</size>
         <input_file_ref idref="fl-e4"/>
      </object_component>
      <object_component id="oc-2d2">
         <name>.debug_info</name>
         <load_address>0x23a3d</load_address>
         <run_address>0x23a3d</run_address>
         <size>0x12f</size>
         <input_file_ref idref="fl-e6"/>
      </object_component>
      <object_component id="oc-256">
         <name>.debug_info</name>
         <load_address>0x23b6c</load_address>
         <run_address>0x23b6c</run_address>
         <size>0x1b1</size>
         <input_file_ref idref="fl-e6"/>
      </object_component>
      <object_component id="oc-35c">
         <name>.debug_info</name>
         <load_address>0x23d1d</load_address>
         <run_address>0x23d1d</run_address>
         <size>0x9f</size>
      </object_component>
      <object_component id="oc-b8">
         <name>.debug_line</name>
         <load_address>0x0</load_address>
         <run_address>0x0</run_address>
         <size>0x78</size>
         <input_file_ref idref="fl-2"/>
      </object_component>
      <object_component id="oc-281">
         <name>.debug_line</name>
         <load_address>0x78</load_address>
         <run_address>0x78</run_address>
         <size>0x20</size>
         <input_file_ref idref="fl-3"/>
      </object_component>
      <object_component id="oc-70">
         <name>.debug_line</name>
         <load_address>0x98</load_address>
         <run_address>0x98</run_address>
         <size>0x1fb</size>
         <input_file_ref idref="fl-3"/>
      </object_component>
      <object_component id="oc-50">
         <name>.debug_line</name>
         <load_address>0x293</load_address>
         <run_address>0x293</run_address>
         <size>0x20</size>
         <input_file_ref idref="fl-3"/>
      </object_component>
      <object_component id="oc-ec">
         <name>.debug_line</name>
         <load_address>0x2b3</load_address>
         <run_address>0x2b3</run_address>
         <size>0x72</size>
         <input_file_ref idref="fl-3"/>
      </object_component>
      <object_component id="oc-1fe">
         <name>.debug_line</name>
         <load_address>0x325</load_address>
         <run_address>0x325</run_address>
         <size>0x5f</size>
         <input_file_ref idref="fl-4"/>
      </object_component>
      <object_component id="oc-88">
         <name>.debug_line</name>
         <load_address>0x384</load_address>
         <run_address>0x384</run_address>
         <size>0x289</size>
         <input_file_ref idref="fl-4"/>
      </object_component>
      <object_component id="oc-22">
         <name>.debug_line</name>
         <load_address>0x60d</load_address>
         <run_address>0x60d</run_address>
         <size>0x6e</size>
         <input_file_ref idref="fl-4"/>
      </object_component>
      <object_component id="oc-176">
         <name>.debug_line</name>
         <load_address>0x67b</load_address>
         <run_address>0x67b</run_address>
         <size>0x6f</size>
         <input_file_ref idref="fl-4"/>
      </object_component>
      <object_component id="oc-a0">
         <name>.debug_line</name>
         <load_address>0x6ea</load_address>
         <run_address>0x6ea</run_address>
         <size>0x68</size>
         <input_file_ref idref="fl-4"/>
      </object_component>
      <object_component id="oc-c5">
         <name>.debug_line</name>
         <load_address>0x752</load_address>
         <run_address>0x752</run_address>
         <size>0x20</size>
         <input_file_ref idref="fl-4"/>
      </object_component>
      <object_component id="oc-c0">
         <name>.debug_line</name>
         <load_address>0x772</load_address>
         <run_address>0x772</run_address>
         <size>0x63</size>
         <input_file_ref idref="fl-4"/>
      </object_component>
      <object_component id="oc-27a">
         <name>.debug_line</name>
         <load_address>0x7d5</load_address>
         <run_address>0x7d5</run_address>
         <size>0x73</size>
         <input_file_ref idref="fl-4"/>
      </object_component>
      <object_component id="oc-168">
         <name>.debug_line</name>
         <load_address>0x848</load_address>
         <run_address>0x848</run_address>
         <size>0x70</size>
         <input_file_ref idref="fl-4"/>
      </object_component>
      <object_component id="oc-ca">
         <name>.debug_line</name>
         <load_address>0x8b8</load_address>
         <run_address>0x8b8</run_address>
         <size>0x66</size>
         <input_file_ref idref="fl-4"/>
      </object_component>
      <object_component id="oc-17b">
         <name>.debug_line</name>
         <load_address>0x91e</load_address>
         <run_address>0x91e</run_address>
         <size>0x63</size>
         <input_file_ref idref="fl-4"/>
      </object_component>
      <object_component id="oc-102">
         <name>.debug_line</name>
         <load_address>0x981</load_address>
         <run_address>0x981</run_address>
         <size>0x5f</size>
         <input_file_ref idref="fl-4"/>
      </object_component>
      <object_component id="oc-194">
         <name>.debug_line</name>
         <load_address>0x9e0</load_address>
         <run_address>0x9e0</run_address>
         <size>0x63</size>
         <input_file_ref idref="fl-4"/>
      </object_component>
      <object_component id="oc-29f">
         <name>.debug_line</name>
         <load_address>0xa43</load_address>
         <run_address>0xa43</run_address>
         <size>0x20</size>
         <input_file_ref idref="fl-5"/>
      </object_component>
      <object_component id="oc-136">
         <name>.debug_line</name>
         <load_address>0xa63</load_address>
         <run_address>0xa63</run_address>
         <size>0x17f</size>
         <input_file_ref idref="fl-5"/>
      </object_component>
      <object_component id="oc-185">
         <name>.debug_line</name>
         <load_address>0xbe2</load_address>
         <run_address>0xbe2</run_address>
         <size>0x63</size>
         <input_file_ref idref="fl-5"/>
      </object_component>
      <object_component id="oc-2a3">
         <name>.debug_line</name>
         <load_address>0xc45</load_address>
         <run_address>0xc45</run_address>
         <size>0x5f</size>
         <input_file_ref idref="fl-5"/>
      </object_component>
      <object_component id="oc-2e9">
         <name>.debug_line</name>
         <load_address>0xca4</load_address>
         <run_address>0xca4</run_address>
         <size>0x20</size>
         <input_file_ref idref="fl-6"/>
      </object_component>
      <object_component id="oc-1b4">
         <name>.debug_line</name>
         <load_address>0xcc4</load_address>
         <run_address>0xcc4</run_address>
         <size>0x6b</size>
         <input_file_ref idref="fl-6"/>
      </object_component>
      <object_component id="oc-1da">
         <name>.debug_line</name>
         <load_address>0xd2f</load_address>
         <run_address>0xd2f</run_address>
         <size>0x63</size>
         <input_file_ref idref="fl-6"/>
      </object_component>
      <object_component id="oc-2ed">
         <name>.debug_line</name>
         <load_address>0xd92</load_address>
         <run_address>0xd92</run_address>
         <size>0x5f</size>
         <input_file_ref idref="fl-6"/>
      </object_component>
      <object_component id="oc-276">
         <name>.debug_line</name>
         <load_address>0xdf1</load_address>
         <run_address>0xdf1</run_address>
         <size>0x20</size>
         <input_file_ref idref="fl-7"/>
      </object_component>
      <object_component id="oc-9b">
         <name>.debug_line</name>
         <load_address>0xe11</load_address>
         <run_address>0xe11</run_address>
         <size>0x114</size>
         <input_file_ref idref="fl-7"/>
      </object_component>
      <object_component id="oc-1c1">
         <name>.debug_line</name>
         <load_address>0xf25</load_address>
         <run_address>0xf25</run_address>
         <size>0x63</size>
         <input_file_ref idref="fl-7"/>
      </object_component>
      <object_component id="oc-1c6">
         <name>.debug_line</name>
         <load_address>0xf88</load_address>
         <run_address>0xf88</run_address>
         <size>0x66</size>
         <input_file_ref idref="fl-7"/>
      </object_component>
      <object_component id="oc-1cb">
         <name>.debug_line</name>
         <load_address>0xfee</load_address>
         <run_address>0xfee</run_address>
         <size>0x63</size>
         <input_file_ref idref="fl-7"/>
      </object_component>
      <object_component id="oc-b2">
         <name>.debug_line</name>
         <load_address>0x1051</load_address>
         <run_address>0x1051</run_address>
         <size>0x5f</size>
         <input_file_ref idref="fl-7"/>
      </object_component>
      <object_component id="oc-1d0">
         <name>.debug_line</name>
         <load_address>0x10b0</load_address>
         <run_address>0x10b0</run_address>
         <size>0x63</size>
         <input_file_ref idref="fl-7"/>
      </object_component>
      <object_component id="oc-1fb">
         <name>.debug_line</name>
         <load_address>0x1113</load_address>
         <run_address>0x1113</run_address>
         <size>0x68</size>
         <input_file_ref idref="fl-7"/>
      </object_component>
      <object_component id="oc-1d5">
         <name>.debug_line</name>
         <load_address>0x117b</load_address>
         <run_address>0x117b</run_address>
         <size>0x63</size>
         <input_file_ref idref="fl-7"/>
      </object_component>
      <object_component id="oc-180">
         <name>.debug_line</name>
         <load_address>0x11de</load_address>
         <run_address>0x11de</run_address>
         <size>0x65</size>
         <input_file_ref idref="fl-7"/>
      </object_component>
      <object_component id="oc-1ee">
         <name>.debug_line</name>
         <load_address>0x1243</load_address>
         <run_address>0x1243</run_address>
         <size>0x62</size>
         <input_file_ref idref="fl-7"/>
      </object_component>
      <object_component id="oc-1e4">
         <name>.debug_line</name>
         <load_address>0x12a5</load_address>
         <run_address>0x12a5</run_address>
         <size>0x65</size>
         <input_file_ref idref="fl-7"/>
      </object_component>
      <object_component id="oc-1a7">
         <name>.debug_line</name>
         <load_address>0x130a</load_address>
         <run_address>0x130a</run_address>
         <size>0x63</size>
         <input_file_ref idref="fl-7"/>
      </object_component>
      <object_component id="oc-1f3">
         <name>.debug_line</name>
         <load_address>0x136d</load_address>
         <run_address>0x136d</run_address>
         <size>0x63</size>
         <input_file_ref idref="fl-7"/>
      </object_component>
      <object_component id="oc-18a">
         <name>.debug_line</name>
         <load_address>0x13d0</load_address>
         <run_address>0x13d0</run_address>
         <size>0x66</size>
         <input_file_ref idref="fl-7"/>
      </object_component>
      <object_component id="oc-18f">
         <name>.debug_line</name>
         <load_address>0x1436</load_address>
         <run_address>0x1436</run_address>
         <size>0x65</size>
         <input_file_ref idref="fl-7"/>
      </object_component>
      <object_component id="oc-311">
         <name>.debug_line</name>
         <load_address>0x149b</load_address>
         <run_address>0x149b</run_address>
         <size>0x20</size>
         <input_file_ref idref="fl-8"/>
      </object_component>
      <object_component id="oc-232">
         <name>.debug_line</name>
         <load_address>0x14bb</load_address>
         <run_address>0x14bb</run_address>
         <size>0x63</size>
         <input_file_ref idref="fl-8"/>
      </object_component>
      <object_component id="oc-269">
         <name>.debug_line</name>
         <load_address>0x151e</load_address>
         <run_address>0x151e</run_address>
         <size>0x64</size>
         <input_file_ref idref="fl-8"/>
      </object_component>
      <object_component id="oc-227">
         <name>.debug_line</name>
         <load_address>0x1582</load_address>
         <run_address>0x1582</run_address>
         <size>0x68</size>
         <input_file_ref idref="fl-8"/>
      </object_component>
      <object_component id="oc-315">
         <name>.debug_line</name>
         <load_address>0x15ea</load_address>
         <run_address>0x15ea</run_address>
         <size>0x67</size>
         <input_file_ref idref="fl-8"/>
      </object_component>
      <object_component id="oc-22c">
         <name>.debug_line</name>
         <load_address>0x1651</load_address>
         <run_address>0x1651</run_address>
         <size>0x67</size>
         <input_file_ref idref="fl-8"/>
      </object_component>
      <object_component id="oc-264">
         <name>.debug_line</name>
         <load_address>0x16b8</load_address>
         <run_address>0x16b8</run_address>
         <size>0x63</size>
         <input_file_ref idref="fl-8"/>
      </object_component>
      <object_component id="oc-30a">
         <name>.debug_line</name>
         <load_address>0x171b</load_address>
         <run_address>0x171b</run_address>
         <size>0x135</size>
         <input_file_ref idref="fl-9"/>
      </object_component>
      <object_component id="oc-21e">
         <name>.debug_line</name>
         <load_address>0x1850</load_address>
         <run_address>0x1850</run_address>
         <size>0x2ec</size>
         <input_file_ref idref="fl-9"/>
      </object_component>
      <object_component id="oc-2ab">
         <name>.debug_line</name>
         <load_address>0x1b3c</load_address>
         <run_address>0x1b3c</run_address>
         <size>0x6b</size>
         <input_file_ref idref="fl-9"/>
      </object_component>
      <object_component id="oc-23c">
         <name>.debug_line</name>
         <load_address>0x1ba7</load_address>
         <run_address>0x1ba7</run_address>
         <size>0x6b</size>
         <input_file_ref idref="fl-9"/>
      </object_component>
      <object_component id="oc-2b5">
         <name>.debug_line</name>
         <load_address>0x1c12</load_address>
         <run_address>0x1c12</run_address>
         <size>0x64</size>
         <input_file_ref idref="fl-9"/>
      </object_component>
      <object_component id="oc-30e">
         <name>.debug_line</name>
         <load_address>0x1c76</load_address>
         <run_address>0x1c76</run_address>
         <size>0x3f</size>
         <input_file_ref idref="fl-9"/>
      </object_component>
      <object_component id="oc-325">
         <name>.debug_line</name>
         <load_address>0x1cb5</load_address>
         <run_address>0x1cb5</run_address>
         <size>0xab</size>
         <input_file_ref idref="fl-a"/>
      </object_component>
      <object_component id="oc-331">
         <name>.debug_line</name>
         <load_address>0x1d60</load_address>
         <run_address>0x1d60</run_address>
         <size>0x37</size>
         <input_file_ref idref="fl-a"/>
      </object_component>
      <object_component id="oc-31e">
         <name>.debug_line</name>
         <load_address>0x1d97</load_address>
         <run_address>0x1d97</run_address>
         <size>0x37</size>
         <input_file_ref idref="fl-a"/>
      </object_component>
      <object_component id="oc-31c">
         <name>.debug_line</name>
         <load_address>0x1dce</load_address>
         <run_address>0x1dce</run_address>
         <size>0x37</size>
         <input_file_ref idref="fl-a"/>
      </object_component>
      <object_component id="oc-23f">
         <name>.debug_line</name>
         <load_address>0x1e05</load_address>
         <run_address>0x1e05</run_address>
         <size>0x11b</size>
         <input_file_ref idref="fl-a"/>
      </object_component>
      <object_component id="oc-2b8">
         <name>.debug_line</name>
         <load_address>0x1f20</load_address>
         <run_address>0x1f20</run_address>
         <size>0xb0</size>
         <input_file_ref idref="fl-a"/>
      </object_component>
      <object_component id="oc-322">
         <name>.debug_line</name>
         <load_address>0x1fd0</load_address>
         <run_address>0x1fd0</run_address>
         <size>0x37</size>
         <input_file_ref idref="fl-a"/>
      </object_component>
      <object_component id="oc-327">
         <name>.debug_line</name>
         <load_address>0x2007</load_address>
         <run_address>0x2007</run_address>
         <size>0x20</size>
         <input_file_ref idref="fl-b"/>
      </object_component>
      <object_component id="oc-248">
         <name>.debug_line</name>
         <load_address>0x2027</load_address>
         <run_address>0x2027</run_address>
         <size>0xef</size>
         <input_file_ref idref="fl-b"/>
      </object_component>
      <object_component id="oc-2b1">
         <name>.debug_line</name>
         <load_address>0x2116</load_address>
         <run_address>0x2116</run_address>
         <size>0x111</size>
         <input_file_ref idref="fl-c"/>
      </object_component>
      <object_component id="oc-145">
         <name>.debug_line</name>
         <load_address>0x2227</load_address>
         <run_address>0x2227</run_address>
         <size>0x570</size>
         <input_file_ref idref="fl-c"/>
      </object_component>
      <object_component id="oc-237">
         <name>.debug_line</name>
         <load_address>0x2797</load_address>
         <run_address>0x2797</run_address>
         <size>0x64</size>
         <input_file_ref idref="fl-c"/>
      </object_component>
      <object_component id="oc-32a">
         <name>.debug_line</name>
         <load_address>0x27fb</load_address>
         <run_address>0x27fb</run_address>
         <size>0xc3</size>
         <input_file_ref idref="fl-d"/>
      </object_component>
      <object_component id="oc-27f">
         <name>.debug_line</name>
         <load_address>0x28be</load_address>
         <run_address>0x28be</run_address>
         <size>0x37</size>
         <input_file_ref idref="fl-d"/>
      </object_component>
      <object_component id="oc-24c">
         <name>.debug_line</name>
         <load_address>0x28f5</load_address>
         <run_address>0x28f5</run_address>
         <size>0x113</size>
         <input_file_ref idref="fl-d"/>
      </object_component>
      <object_component id="oc-2cc">
         <name>.debug_line</name>
         <load_address>0x2a08</load_address>
         <run_address>0x2a08</run_address>
         <size>0xac</size>
         <input_file_ref idref="fl-d"/>
      </object_component>
      <object_component id="oc-a6">
         <name>.debug_line</name>
         <load_address>0x2ab4</load_address>
         <run_address>0x2ab4</run_address>
         <size>0x208</size>
         <input_file_ref idref="fl-e"/>
      </object_component>
      <object_component id="oc-303">
         <name>.debug_line</name>
         <load_address>0x2cbc</load_address>
         <run_address>0x2cbc</run_address>
         <size>0x135</size>
         <input_file_ref idref="fl-f"/>
      </object_component>
      <object_component id="oc-218">
         <name>.debug_line</name>
         <load_address>0x2df1</load_address>
         <run_address>0x2df1</run_address>
         <size>0x5ae</size>
         <input_file_ref idref="fl-f"/>
      </object_component>
      <object_component id="oc-307">
         <name>.debug_line</name>
         <load_address>0x339f</load_address>
         <run_address>0x339f</run_address>
         <size>0x38</size>
         <input_file_ref idref="fl-f"/>
      </object_component>
      <object_component id="oc-2d4">
         <name>.debug_line</name>
         <load_address>0x33d7</load_address>
         <run_address>0x33d7</run_address>
         <size>0x13d</size>
         <input_file_ref idref="fl-10"/>
      </object_component>
      <object_component id="oc-27d">
         <name>.debug_line</name>
         <load_address>0x3514</load_address>
         <run_address>0x3514</run_address>
         <size>0x38</size>
         <input_file_ref idref="fl-10"/>
      </object_component>
      <object_component id="oc-2d0">
         <name>.debug_line</name>
         <load_address>0x354c</load_address>
         <run_address>0x354c</run_address>
         <size>0x38</size>
         <input_file_ref idref="fl-10"/>
      </object_component>
      <object_component id="oc-148">
         <name>.debug_line</name>
         <load_address>0x3584</load_address>
         <run_address>0x3584</run_address>
         <size>0xc97</size>
         <input_file_ref idref="fl-10"/>
      </object_component>
      <object_component id="oc-212">
         <name>.debug_line</name>
         <load_address>0x421b</load_address>
         <run_address>0x421b</run_address>
         <size>0xc2</size>
         <input_file_ref idref="fl-10"/>
      </object_component>
      <object_component id="oc-2d8">
         <name>.debug_line</name>
         <load_address>0x42dd</load_address>
         <run_address>0x42dd</run_address>
         <size>0x38</size>
         <input_file_ref idref="fl-10"/>
      </object_component>
      <object_component id="oc-283">
         <name>.debug_line</name>
         <load_address>0x4315</load_address>
         <run_address>0x4315</run_address>
         <size>0x20</size>
         <input_file_ref idref="fl-12"/>
      </object_component>
      <object_component id="oc-f0">
         <name>.debug_line</name>
         <load_address>0x4335</load_address>
         <run_address>0x4335</run_address>
         <size>0x81</size>
         <input_file_ref idref="fl-12"/>
      </object_component>
      <object_component id="oc-1df">
         <name>.debug_line</name>
         <load_address>0x43b6</load_address>
         <run_address>0x43b6</run_address>
         <size>0x66</size>
         <input_file_ref idref="fl-12"/>
      </object_component>
      <object_component id="oc-287">
         <name>.debug_line</name>
         <load_address>0x441c</load_address>
         <run_address>0x441c</run_address>
         <size>0x62</size>
         <input_file_ref idref="fl-12"/>
      </object_component>
      <object_component id="oc-19e">
         <name>.debug_line</name>
         <load_address>0x447e</load_address>
         <run_address>0x447e</run_address>
         <size>0x5f</size>
         <input_file_ref idref="fl-13"/>
      </object_component>
      <object_component id="oc-19c">
         <name>.debug_line</name>
[...]
         <name>_errata_CORTEXR4_66_</name>
         <value>0xdf14</value>
         <object_component_ref idref="oc-6a"/>
      </symbol>
      <symbol id="sm-7c1">
         <name>_coreEnableRamEcc_</name>
         <value>0xdda0</value>
         <object_component_ref idref="oc-6a"/>
      </symbol>
      <symbol id="sm-7c2">
         <name>_coreClearDataFault_</name>
         <value>0xddfc</value>
         <object_component_ref idref="oc-6a"/>
      </symbol>
      <symbol id="sm-7c3">
         <name>_coreGetAuxiliaryDataFault_</name>
         <value>0xde44</value>
         <object_component_ref idref="oc-6a"/>
      </symbol>
      <symbol id="sm-7c4">
         <name>_enable_interrupt_</name>
         <value>0xde84</value>
         <object_component_ref idref="oc-6a"/>
      </symbol>
      <symbol id="sm-7c5">
         <name>_coreClearAuxiliaryInstructionFault_</name>
         <value>0xde60</value>
         <object_component_ref idref="oc-6a"/>
      </symbol>
      <symbol id="sm-7c6">
         <name>_coreDisableRamEcc_</name>
         <value>0xddb0</value>
         <object_component_ref idref="oc-6a"/>
      </symbol>
      <symbol id="sm-7c7">
         <name>_coreGetDataFaultAddress_</name>
         <value>0xde1c</value>
         <object_component_ref idref="oc-6a"/>
      </symbol>
      <symbol id="sm-7c8">
         <name>_coreClearInstructionFault_</name>
         <value>0xde10</value>
         <object_component_ref idref="oc-6a"/>
      </symbol>
      <symbol id="sm-7c9">
         <name>_getCPSRValue_</name>
         <value>0xdd60</value>
         <object_component_ref idref="oc-6a"/>
      </symbol>
      <symbol id="sm-7ca">
         <name>__TI_PINIT_Limit</name>
         <value>0xdf28</value>
         <object_component_ref idref="oc-6a"/>
      </symbol>
      <symbol id="sm-7cb">
         <name>_coreEnableFlashEcc_</name>
         <value>0xddc0</value>
         <object_component_ref idref="oc-6a"/>
      </symbol>
      <symbol id="sm-7cc">
         <name>_disable_FIQ_interrupt_</name>
         <value>0xde74</value>
         <object_component_ref idref="oc-6a"/>
      </symbol>
      <symbol id="sm-7cd">
         <name>_coreGetAuxiliaryInstructionFault_</name>
         <value>0xde58</value>
         <object_component_ref idref="oc-6a"/>
      </symbol>
      <symbol id="sm-7ce">
         <name>_coreInitStackPointer_</name>
         <value>0xdd14</value>
         <object_component_ref idref="oc-6a"/>
      </symbol>
      <symbol id="sm-7cf">
         <name>_esmCcmErrorsClear_</name>
         <value>0xde8c</value>
         <object_component_ref idref="oc-6a"/>
      </symbol>
      <symbol id="sm-7d0">
         <name>_gotoCPUIdle_</name>
         <value>0xdd68</value>
         <object_component_ref idref="oc-6a"/>
      </symbol>
      <symbol id="sm-7d1">
         <name>_coreEnableIrqVicOffset_</name>
         <value>0xdde4</value>
         <object_component_ref idref="oc-6a"/>
      </symbol>
      <symbol id="sm-7d2">
         <name>_coreGetInstructionFault_</name>
         <value>0xde08</value>
         <object_component_ref idref="oc-6a"/>
      </symbol>
      <symbol id="sm-7d3">
         <name>_coreClearAuxiliaryDataFault_</name>
         <value>0xde4c</value>
         <object_component_ref idref="oc-6a"/>
      </symbol>
      <symbol id="sm-7d4">
         <name>_coreEnableEventBusExport_</name>
         <value>0xdd80</value>
         <object_component_ref idref="oc-6a"/>
      </symbol>
      <symbol id="sm-7df">
         <name>resetEntry</name>
         <value>0x0</value>
         <object_component_ref idref="oc-30"/>
      </symbol>
      <symbol id="sm-806">
         <name>xTask1Handle</name>
         <value>0x8003050</value>
      </symbol>
      <symbol id="sm-807">
         <name>vTask1</name>
         <value>0xf0d0</value>
         <object_component_ref idref="oc-8e"/>
      </symbol>
      <symbol id="sm-808">
         <name>TX_Data_for_config_Master</name>
         <value>0x8003072</value>
         <object_component_ref idref="oc-14d"/>
      </symbol>
      <symbol id="sm-809">
         <name>main</name>
         <value>0xf1a8</value>
         <object_component_ref idref="oc-8e"/>
      </symbol>
      <symbol id="sm-80a">
         <name>TX_Data2_Master</name>
         <value>0x800306c</value>
         <object_component_ref idref="oc-150"/>
      </symbol>
      <symbol id="sm-823">
         <name>phantomInterrupt</name>
         <value>0xf784</value>
         <object_component_ref idref="oc-35"/>
      </symbol>
      <symbol id="sm-82c">
         <name>_pmuResetCounters_</name>
         <value>0xf46c</value>
         <object_component_ref idref="oc-f7"/>
      </symbol>
      <symbol id="sm-82d">
         <name>_pmuGetEventCount_</name>
         <value>0xf4a0</value>
         <object_component_ref idref="oc-f7"/>
      </symbol>
      <symbol id="sm-82e">
         <name>_pmuResetEventCounters_</name>
         <value>0xf45c</value>
         <object_component_ref idref="oc-f7"/>
      </symbol>
      <symbol id="sm-82f">
         <name>_pmuStopCounters_</name>
         <value>0xf484</value>
         <object_component_ref idref="oc-f7"/>
      </symbol>
      <symbol id="sm-830">
         <name>_pmuInit_</name>
         <value>0xf3e0</value>
         <object_component_ref idref="oc-f7"/>
      </symbol>
      <symbol id="sm-831">
         <name>_pmuGetOverflow_</name>
         <value>0xf4ac</value>
         <object_component_ref idref="oc-f7"/>
      </symbol>
      <symbol id="sm-832">
         <name>_pmuResetCycleCounter_</name>
         <value>0xf44c</value>
         <object_component_ref idref="oc-f7"/>
      </symbol>
      <symbol id="sm-833">
         <name>_pmuSetCountEvent_</name>
         <value>0xf48c</value>
         <object_component_ref idref="oc-f7"/>
      </symbol>
      <symbol id="sm-834">
         <name>_pmuGetCycleCount_</name>
         <value>0xf498</value>
         <object_component_ref idref="oc-f7"/>
      </symbol>
      <symbol id="sm-835">
         <name>_pmuEnableCountersGlobal_</name>
         <value>0xf42c</value>
         <object_component_ref idref="oc-f7"/>
      </symbol>
      <symbol id="sm-836">
         <name>_pmuDisableCountersGlobal_</name>
         <value>0xf43c</value>
         <object_component_ref idref="oc-f7"/>
      </symbol>
      <symbol id="sm-837">
         <name>_pmuStartCounters_</name>
         <value>0xf47c</value>
         <object_component_ref idref="oc-f7"/>
      </symbol>
      <symbol id="sm-99b">
         <name>pbistSelfCheck</name>
         <value>0x82cc</value>
         <object_component_ref idref="oc-81"/>
      </symbol>
      <symbol id="sm-99c">
         <name>fmcBus1ParityCheck</name>
         <value>0x9c00</value>
         <object_component_ref idref="oc-81"/>
      </symbol>
      <symbol id="sm-99d">
         <name>can1ParityCheck</name>
         <value>0x90bc</value>
         <object_component_ref idref="oc-81"/>
      </symbol>
      <symbol id="sm-99e">
         <name>enableParity</name>
         <value>0xa3d0</value>
         <object_component_ref idref="oc-81"/>
      </symbol>
      <symbol id="sm-99f">
         <name>custom_dabort</name>
         <value>0x8df4</value>
         <object_component_ref idref="oc-81"/>
      </symbol>
      <symbol id="sm-9a0">
         <name>memoryInit</name>
         <value>0x8174</value>
         <object_component_ref idref="oc-81"/>
      </symbol>
      <symbol id="sm-9a1">
         <name>stcSelfCheck</name>
         <value>0x81b8</value>
         <object_component_ref idref="oc-81"/>
      </symbol>
      <symbol id="sm-9a2">
         <name>efcGetConfigValue</name>
         <value>0x9f98</value>
         <object_component_ref idref="oc-81"/>
      </symbol>
      <symbol id="sm-9a3">
         <name>can2ParityCheck</name>
         <value>0x9198</value>
         <object_component_ref idref="oc-81"/>
      </symbol>
      <symbol id="sm-9a4">
         <name>het1ParityCheck</name>
         <value>0x8eac</value>
         <object_component_ref idref="oc-81"/>
      </symbol>
      <symbol id="sm-9a5">
         <name>adc1ParityCheck</name>
         <value>0x9004</value>
         <object_component_ref idref="oc-81"/>
      </symbol>
      <symbol id="sm-9a6">
         <name>checkefcSelfTest</name>
         <value>0x87bc</value>
         <object_component_ref idref="oc-81"/>
      </symbol>
      <symbol id="sm-9a7">
         <name>checkRAMECC</name>
         <value>0x93bc</value>
         <object_component_ref idref="oc-81"/>
      </symbol>
      <symbol id="sm-9a8">
         <name>stcSelfCheckFail</name>
         <value>0x8df8</value>
         <object_component_ref idref="oc-81"/>
      </symbol>
      <symbol id="sm-9a9">
         <name>ccmSelfCheck</name>
         <value>0x8030</value>
         <object_component_ref idref="oc-81"/>
      </symbol>
      <symbol id="sm-9aa">
         <name>efcCheck</name>
         <value>0x8660</value>
         <object_component_ref idref="oc-81"/>
      </symbol>
      <symbol id="sm-9ab">
         <name>cpuSelfTest</name>
         <value>0x8234</value>
         <object_component_ref idref="oc-81"/>
      </symbol>
      <symbol id="sm-9ac">
         <name>htu1ParityCheck</name>
         <value>0x8f4c</value>
         <object_component_ref idref="oc-81"/>
      </symbol>
      <symbol id="sm-9ad">
         <name>checkFlashECC</name>
         <value>0x8d18</value>
         <object_component_ref idref="oc-81"/>
      </symbol>
      <symbol id="sm-9ae">
         <name>cpuSelfTestFail</name>
         <value>0x8dfc</value>
         <object_component_ref idref="oc-81"/>
      </symbol>
      <symbol id="sm-9af">
         <name>checkPLL1Slip</name>
         <value>0x9880</value>
         <object_component_ref idref="oc-81"/>
      </symbol>
      <symbol id="sm-9b0">
         <name>mibspi1ParityCheck</name>
         <value>0x9260</value>
         <object_component_ref idref="oc-81"/>
      </symbol>
      <symbol id="sm-9b1">
         <name>ccmr4GetConfigValue</name>
         <value>0xa034</value>
         <object_component_ref idref="oc-81"/>
      </symbol>
      <symbol id="sm-9b2">
         <name>pbistPortTestStatus</name>
         <value>0x8608</value>
         <object_component_ref idref="oc-81"/>
      </symbol>
      <symbol id="sm-9b3">
         <name>checkFlashEEPROMECC</name>
         <value>0x96d8</value>
         <object_component_ref idref="oc-81"/>
      </symbol>
      <symbol id="sm-9b4">
         <name>pbistGetConfigValue</name>
         <value>0x9db0</value>
         <object_component_ref idref="oc-81"/>
      </symbol>
      <symbol id="sm-9b5">
         <name>vimParityCheck</name>
         <value>0x8e00</value>
         <object_component_ref idref="oc-81"/>
      </symbol>
      <symbol id="sm-9b6">
         <name>pbistIsTestCompleted</name>
         <value>0x85a8</value>
         <object_component_ref idref="oc-81"/>
      </symbol>
      <symbol id="sm-9b7">
         <name>disableParity</name>
         <value>0xa424</value>
         <object_component_ref idref="oc-81"/>
      </symbol>
      <symbol id="sm-9b8">
         <name>pbistRun</name>
         <value>0x84ac</value>
         <object_component_ref idref="oc-81"/>
      </symbol>
      <symbol id="sm-9b9">
         <name>pbistFail</name>
         <value>0x9d2c</value>
         <object_component_ref idref="oc-81"/>
      </symbol>
      <symbol id="sm-9ba">
         <name>selftestFailNotification</name>
         <value>0x8020</value>
         <object_component_ref idref="oc-81"/>
      </symbol>
      <symbol id="sm-9bb">
         <name>errata_PBIST_4</name>
         <value>0xa0b0</value>
         <object_component_ref idref="oc-81"/>
      </symbol>
      <symbol id="sm-9bc">
         <name>efcSelfTest</name>
         <value>0x8794</value>
         <object_component_ref idref="oc-81"/>
      </symbol>
      <symbol id="sm-9bd">
         <name>checkB1RAMECC</name>
         <value>0x8b28</value>
         <object_component_ref idref="oc-81"/>
      </symbol>
      <symbol id="sm-9be">
         <name>pbistStop</name>
         <value>0x8578</value>
         <object_component_ref idref="oc-81"/>
      </symbol>
      <symbol id="sm-9bf">
         <name>checkRAMAddrParity</name>
         <value>0x999c</value>
         <object_component_ref idref="oc-81"/>
      </symbol>
      <symbol id="sm-9c0">
         <name>checkB0RAMECC</name>
         <value>0x8938</value>
         <object_component_ref idref="oc-81"/>
      </symbol>
      <symbol id="sm-9c1">
         <name>stcGetConfigValue</name>
         <value>0x9ef8</value>
         <object_component_ref idref="oc-81"/>
      </symbol>
      <symbol id="sm-9c2">
         <name>pbistIsTestPassed</name>
         <value>0x85d4</value>
         <object_component_ref idref="oc-81"/>
      </symbol>
      <symbol id="sm-9c3">
         <name>checkClockMonitor</name>
         <value>0x9604</value>
         <object_component_ref idref="oc-81"/>
      </symbol>
      <symbol id="sm-9c4">
         <name>fmcECCcheck</name>
         <value>0x8898</value>
         <object_component_ref idref="oc-81"/>
      </symbol>
      <symbol id="sm-9c5">
         <name>fmcBus2Check</name>
         <value>0x885c</value>
         <object_component_ref idref="oc-81"/>
      </symbol>
      <symbol id="sm-9c6">
         <name>checkRAMUERRTest</name>
         <value>0x9aa4</value>
         <object_component_ref idref="oc-81"/>
      </symbol>
      <symbol id="sm-9c7">
         <name>efcStuckZeroTest</name>
         <value>0x86e8</value>
         <object_component_ref idref="oc-81"/>
      </symbol>
      <symbol id="sm-9f0">
         <name>_c_int00</name>
         <value>0xe8cc</value>
         <object_component_ref idref="oc-1b"/>
      </symbol>
      <symbol id="sm-9f1">
         <name>handlePLLLockFail</name>
         <value>0xf788</value>
         <object_component_ref idref="oc-75"/>
      </symbol>
      <symbol id="sm-a89">
         <name>vimChannelMap</name>
         <value>0xc508</value>
         <object_component_ref idref="oc-3f"/>
      </symbol>
      <symbol id="sm-a8a">
         <name>vimInit</name>
         <value>0xc434</value>
         <object_component_ref idref="oc-3f"/>
      </symbol>
      <symbol id="sm-a8b">
         <name>vimEnableInterrupt</name>
         <value>0xc5ac</value>
         <object_component_ref idref="oc-3f"/>
      </symbol>
      <symbol id="sm-a8c">
         <name>vimDisableInterrupt</name>
         <value>0xc704</value>
         <object_component_ref idref="oc-3f"/>
      </symbol>
      <symbol id="sm-a8d">
         <name>vimGetConfigValue</name>
         <value>0xc788</value>
         <object_component_ref idref="oc-3f"/>
      </symbol>
      <symbol id="sm-a8e">
         <name>vimParityErrorHandler</name>
         <value>0xe42c</value>
         <object_component_ref idref="oc-3b"/>
      </symbol>
      <symbol id="sm-ae2">
         <name>systemGetConfigValue</name>
         <value>0xb32c</value>
         <object_component_ref idref="oc-7b"/>
      </symbol>
      <symbol id="sm-ae3">
         <name>trimLPO</name>
         <value>0xb044</value>
         <object_component_ref idref="oc-7b"/>
      </symbol>
      <symbol id="sm-ae4">
         <name>systemInit</name>
         <value>0xb230</value>
         <object_component_ref idref="oc-7b"/>
      </symbol>
      <symbol id="sm-ae5">
         <name>customTrimLPO</name>
         <value>0xb9d4</value>
         <object_component_ref idref="oc-7b"/>
      </symbol>
      <symbol id="sm-ae6">
         <name>tcmflashGetConfigValue</name>
         <value>0xb6ec</value>
         <object_component_ref idref="oc-7b"/>
      </symbol>
      <symbol id="sm-ae7">
         <name>sramGetConfigValue</name>
         <value>0xb898</value>
         <object_component_ref idref="oc-7b"/>
      </symbol>
      <symbol id="sm-ae8">
         <name>periphInit</name>
         <value>0xb0f8</value>
         <object_component_ref idref="oc-7b"/>
      </symbol>
      <symbol id="sm-ae9">
         <name>setupFlash</name>
         <value>0xb0b8</value>
         <object_component_ref idref="oc-7b"/>
      </symbol>
      <symbol id="sm-aea">
         <name>setupPLL</name>
         <value>0xaff4</value>
         <object_component_ref idref="oc-7b"/>
      </symbol>
      <symbol id="sm-aeb">
         <name>mapClocks</name>
         <value>0xb14c</value>
         <object_component_ref idref="oc-7b"/>
      </symbol>
      <symbol id="sm-aec">
         <name>systemPowerDown</name>
         <value>0xb2fc</value>
         <object_component_ref idref="oc-7b"/>
      </symbol>
      <symbol id="sm-afb">
         <name>__aeabi_memset</name>
         <value>0xf594</value>
         <object_component_ref idref="oc-e1"/>
      </symbol>
      <symbol id="sm-afc">
         <name>memset</name>
         <value>0xf5a0</value>
         <object_component_ref idref="oc-e1"/>
      </symbol>
      <symbol id="sm-afd">
         <name>__aeabi_memset8</name>
         <value>0xf594</value>
         <object_component_ref idref="oc-e1"/>
      </symbol>
      <symbol id="sm-afe">
         <name>__aeabi_memset4</name>
         <value>0xf594</value>
         <object_component_ref idref="oc-e1"/>
      </symbol>
      <symbol id="sm-aff">
         <name>__aeabi_memclr8</name>
         <value>0xf590</value>
         <object_component_ref idref="oc-e1"/>
      </symbol>
      <symbol id="sm-b00">
         <name>__aeabi_memclr4</name>
         <value>0xf590</value>
         <object_component_ref idref="oc-e1"/>
      </symbol>
      <symbol id="sm-b01">
         <name>__aeabi_memclr</name>
         <value>0xf590</value>
         <object_component_ref idref="oc-e1"/>
      </symbol>
      <symbol id="sm-b1e">
         <name>memcpy</name>
         <value>0xec9c</value>
         <object_component_ref idref="oc-52"/>
      </symbol>
      <symbol id="sm-b1f">
         <name>__aeabi_memcpy</name>
         <value>0xec9c</value>
         <object_component_ref idref="oc-52"/>
      </symbol>
      <symbol id="sm-b20">
         <name>__aeabi_memcpy8</name>
         <value>0xec9c</value>
         <object_component_ref idref="oc-52"/>
      </symbol>
      <symbol id="sm-b21">
         <name>__aeabi_memcpy4</name>
         <value>0xec9c</value>
         <object_component_ref idref="oc-52"/>
      </symbol>
      <symbol id="sm-b4a">
         <name>__TI_auto_init_nobinit_nopinit</name>
         <value>0xf6d0</value>
         <object_component_ref idref="oc-105"/>
      </symbol>
      <symbol id="sm-b5d">
         <name>__TI_zero_init</name>
         <value>0xf76c</value>
         <object_component_ref idref="oc-64"/>
      </symbol>
      <symbol id="sm-b74">
         <name>__TI_decompress_none</name>
         <value>0xf758</value>
         <object_component_ref idref="oc-14"/>
      </symbol>
      <symbol id="sm-b97">
         <name>__TI_decompress_lzss</name>
         <value>0xf640</value>
         <object_component_ref idref="oc-e"/>
      </symbol>
      <symbol id="sm-ba2">
         <name>C$$EXIT</name>
         <value>0xf77c</value>
         <object_component_ref idref="oc-157"/>
      </symbol>
      <symbol id="sm-ba3">
         <name>abort</name>
         <value>0xf77c</value>
         <object_component_ref idref="oc-157"/>
      </symbol>
      <symbol id="sm-bb2">
         <name>strlen</name>
         <value>0xf738</value>
         <object_component_ref idref="oc-253"/>
      </symbol>
      <symbol id="sm-bb4">
         <name>__TI_static_base__</name>
         <value>0x0</value>
      </symbol>
      <symbol id="sm-bb8">
         <name>SHT$$INIT_ARRAY$$Base</name>
         <value>0x0</value>
      </symbol>
      <symbol id="sm-bb9">
         <name>SHT$$INIT_ARRAY$$Limit</name>
         <value>0x0</value>
      </symbol>
      <symbol id="sm-bba">
         <name>_system_post_cinit</name>
         <value>0x0</value>
      </symbol>
   </symbol_table>
   <title>Link successful</title>
</link_info>
